0,0.13700012099980086
1,0.17300015300133964
2,0.7140006390000053
3,0.8050007150013698
4,0.852000755001427
5,1.0350009180001507
6,1.1050009770006
7,1.1670010310008365
8,1.1750010370014934
9,1.2690011209997465
10,1.3950012320001406
11,1.4280012610015547
12,1.6020014130008349
13,1.641001451000193
14,1.7370015310007147
15,1.742001534999872
16,1.9380017109997425
17,2.0040017690007517
18,2.0720018290012376
0,0.11499844399986614
1,0.20499722100021245
2,0.7449899150001329
3,0.8149889720002648
4,0.8469885370000156
5,1.0329860169999847
6,1.1149849060002452
7,1.2639828989999842
8,1.2809826679999787
9,1.3709814449998703
10,1.5379791840000507
11,1.5629788470000676
12,1.8209753539999838
13,1.8659747480000988
14,1.9899730649999583
15,2.0159727149998616
16,2.1169713489998685
17,2.177970524000102
18,2.2789691550001407
19,2.6749637980001353
20,2.795962158999828
21,2.898960769000041
22,3.183956909000244
23,3.390954110000166
24,3.5759516030002487
25,3.6099511450001955
26,3.8079484690001664
27,3.8269482109999444
28,4.68893654600015
29,4.7169361659998685
30,4.9319332509999185
31,5.126930616000209
0,0.17599727299966617
1,0.2219965599997522
2,0.7829878659999849
3,0.8649865949996638
4,0.8769864089999828
5,1.052983681999649
6,1.1269825350000247
7,1.1829816669996944
8,1.1889815740000813
9,1.2829801170000792
10,1.4029782580000756
11,1.4189780100000462
12,1.6309747239997705
13,1.699973654999667
14,1.8309716250000747
15,1.8439714239998466
16,1.9379699669998445
17,2.0039689440000075
18,2.075967827999648
19,2.3419637059996603
20,2.4649617999998554
21,2.560960311999679
22,2.8479558639996867
23,3.0829522229996655
24,3.201950377999765
25,3.240949773000011
26,3.4569464259998313
27,3.461946347999856
28,4.427931373999854
29,4.463930815999902
30,4.721926815999723
31,4.912923855999907
32,4.945923343999766
33,5.127920523999819
0,2.2229632750004384
1,2.33796138300022
2,2.8789524420003545
3,2.9449513560002742
4,2.9839507100000446
5,3.174947553000038
6,3.2419464430004155
7,3.3629444450002666
8,3.368944346000262
9,3.4999421830002575
10,3.6819391760000144
11,3.752938009000445
12,4.091932408000048
13,4.131931746000191
14,4.280929287000163
15,4.311928773000091
16,4.622923634000017
17,4.726921912000307
18,4.796920760000376
19,5.062916367000071
20,5.1789144480003415
0,0.6919967829999223
1,0.7309965969998302
2,1.277994045000014
3,1.343993737999881
4,1.3899935229997027
5,1.5999925439996332
6,1.6649922409997089
7,1.78199169599975
8,1.8029915969996182
9,1.893991172999904
10,2.042990477999865
11,2.190989787000035
12,2.407988775999911
13,2.4909883840000475
14,2.597987885999828
15,2.597987885999828
16,2.774987063000026
17,2.8679866309998943
18,2.989986057999886
19,3.2599848019999627
20,3.404984124999828
21,3.5929832489996443
22,3.890981858000032
23,4.107980846999908
24,4.247980193999865
25,4.296979964999991
26,4.439979292999851
27,4.464979176999805
28,5.324975170000016
0,0.1059995059999892
1,0.16199924400007149
2,0.7639964370000598
3,0.8029962549999254
4,0.8149961989997792
5,0.9949953589998586
6,1.046995116999824
7,1.1049948459999541
8,1.1099948229998517
9,1.1879944590000378
10,1.3009939309999936
11,1.3269938100002037
12,1.4949930279999535
13,1.5199929109999175
14,1.6029925240000011
15,1.6259924169999067
16,1.7219919690001007
17,1.7709917400002269
18,1.8429914049997933
19,2.1149901359999603
20,2.2249896220000664
21,2.331989121999868
22,2.619987779999974
23,2.8319867919999524
24,2.948986246000004
25,2.9789861049998763
26,3.167985219000002
27,3.193985098000212
28,4.037981166999998
29,4.08398095199982
30,4.338979763000225
31,4.533978853999997
32,4.567978694999965
33,4.748977850999836
34,4.752977831999942
0,0.11899944700007836
1,0.16599922799969136
2,0.7859963309997511
3,0.8769959080000262
4,0.9089957589999358
5,1.1589945969999462
6,1.2729940649996934
7,1.3299937990000217
8,1.3299937990000217
9,1.4179933880000135
10,1.5239928920000239
11,1.586992599000041
12,1.7619917849997364
13,1.81999150799993
14,1.9099910899999486
15,1.9249910200001068
16,2.042990470999939
17,2.0899902529999963
18,2.173989861999871
19,2.508988299000066
20,2.6379876949999925
21,2.737987229999817
22,3.023985891999928
23,3.332984455999849
24,3.44998391099989
25,3.4869837389996974
26,3.6359830420001344
27,3.662982917000136
28,4.5099789669998245
29,4.596978562999993
30,4.847977386999901
0,0.1539992819998588
1,0.25599880600020697
2,0.793996295999932
3,0.8329961149997871
4,0.8409960769999998
5,1.0279952050000247
6,1.0849949379999089
7,1.1609945850000258
8,1.1649945660001322
9,1.24399419700012
10,1.4219933680001304
11,1.448993241000153
12,1.6799921629999517
13,1.8219915029999356
14,1.9239910229998713
15,1.9419909399998687
16,2.1259900840000228
17,2.189989778999916
18,2.2869893279998905
19,2.552987984000083
20,2.6989869799999724
21,2.7909863469999436
22,3.078984370999933
23,3.287982933999956
24,3.4569817699998566
25,3.4979814909997913
26,3.6739802829997643
27,3.725979923000068
28,4.574974085000122
29,4.604973878999772
30,4.941971564000141
31,5.133970243000022
0,0.21699918100011928
1,0.21699918100011928
2,0.8259968580000532
3,0.8679966979998426
4,0.8829966399998739
5,1.0689959319997797
6,1.1499956229999952
7,1.206995409999763
8,1.2119953910000731
9,1.2909950899997966
10,1.3959946889999628
11,1.4199945969999135
12,1.6079938799998672
13,1.6329937850000533
14,1.7139934809997612
15,1.7349934009998833
16,1.8379930080000122
17,1.888992813999721
18,1.9619925349998084
19,2.2309915089999777
20,2.3609910159998435
21,2.458990642000117
22,2.7619894899999053
23,2.968988700999944
24,3.117988134999905
25,3.154987993999839
26,3.29798744899972
27,3.314987383999778
28,4.222983934999775
29,4.332983514999796
30,4.6229824090000875
31,4.996980981999968
32,5.026980868999999
0,0.14499944700037304
1,0.27099897400012196
2,0.8419967960003305
3,0.9089965400003166
4,0.9749962890000461
5,1.284995108000203
6,1.329994937000265
7,1.459994449000078
8,1.459994449000078
9,1.592993941000259
10,1.6979935410004146
11,1.719993457000328
12,1.9069927440000356
13,1.930992652000441
14,2.0059923660001004
15,2.0199923120003405
16,2.1129919580002934
17,2.1599917780004034
18,2.2319915050002237
19,2.519990407000023
20,2.638989956000387
21,2.7309896050001043
22,3.017988513000091
23,3.225987721000365
24,3.342987276000258
25,3.3819871270002295
26,3.532986553000228
27,3.5519864800003234
28,4.395983268000236
29,4.423983161000251
30,4.66998222500024
31,4.955981135999991
32,4.998980973000016
33,5.180980281000302
0,0.11199948000012228
1,0.14399933200002124
2,0.685996821000117
3,0.7249966400004269
4,0.7389965750003284
5,0.9199957360001463
6,0.9729954910003471
7,1.0289952310004082
8,1.0519951240003138
9,1.1349947420003446
10,1.2589941650003311
11,1.282994054000028
12,1.4529932700002064
13,1.4769931580003686
14,1.5559927910003353
15,1.5699927260002369
16,1.6629922930001158
17,1.726991996000379
18,1.8019916490002288
19,2.10599024000021
20,2.2179897220003113
21,2.3199892480001836
22,2.635987785999987
23,2.837986848000128
24,2.9589862870002435
25,3.000986092000403
26,3.154985379000209
27,3.171985300000415
28,4.016981386000225
29,4.04298126499998
30,4.318979990000116
31,4.511979093000264
32,4.545978935000221
33,4.798977766000007
34,4.808977720000257
35,5.058976557000278
36,5.1789759990001585
0,0.10799980199954007
1,0.14299973800007137
2,0.684998746999554
3,0.7249986739998349
4,0.7369986509993396
5,0.9529982589992869
6,1.0369981039993945
7,1.1219979449997481
8,1.1259979379992728
9,1.195997812999849
10,1.30199761699987
11,1.328997567999977
12,1.5629971409998689
13,1.5909970869997778
14,1.6699969450000935
15,1.6829969209993578
16,1.784996733999833
17,1.8359966409998378
18,1.9179964929999187
19,2.231995918999928
20,2.3849956320000274
21,2.5039954189996934
22,2.81899483899997
23,3.026994461999493
24,3.1449942459994418
25,3.1779941849999886
26,3.3259939139998096
27,3.3419938839997485
28,4.185992339999757
29,4.209992295999655
30,4.457991842999945
31,4.651991486999577
32,4.686991423999643
33,4.87099108899929
34,4.87699107699973
35,5.021990808999362
0,0.1789996739998969
1,0.2729994950004766
2,0.8119985110006382
3,0.8819983860003049
4,0.9599982449999516
5,1.1499978940000801
6,1.1999978040003043
7,1.3489975259999483
8,1.3489975259999483
9,1.4909972730001755
10,1.623997030999817
11,1.6499969810001858
12,1.854996607999965
13,1.9459964340003353
14,2.0249962930001857
15,2.037996269999894
16,2.1579960469998696
17,2.2279959220004457
18,2.3529956900001707
19,2.618995210000321
20,2.7399949850005214
21,2.9079946740002924
22,3.217994108000312
23,3.4119937599998593
24,3.7179931919999945
25,3.8179930129999775
26,3.988992698000402
27,4.0059926670001005
28,4.861991102000502
29,5.03999076800028
30,5.328990251000505
0,0.16699969199999032
1,0.3229994049997913
2,0.866998414999216
3,0.9059983429997374
4,0.9199983169992265
5,1.1049979769995844
6,1.1599978779995581
7,1.2229977589995542
8,1.2289977479995287
9,1.3059976109998388
10,1.4159974099993633
11,1.4589973319998535
12,1.6279970189998494
13,1.6479969829997572
14,1.7279968379998536
15,1.809996683999998
16,1.920996484999705
17,1.9719963929992446
18,2.044996258999163
19,2.336995725999259
20,2.45199551099995
21,2.548995336999724
22,2.8489947929992923
23,3.0599944019995746
24,3.1829941739997594
25,3.2149941169991507
26,3.362993846999416
27,3.381993811999564
28,4.254992215999664
29,4.330992070999855
30,4.5809916179996435
31,4.780991252999229
32,4.880991069999254
33,5.062990735999847
0,2.139996078999502
1,2.174996015999568
2,2.7329949979994126
3,2.816994845999943
4,2.9039946879993295
5,3.083994351000001
6,3.134994259999985
7,3.228994086000057
8,3.2959939669999585
9,3.4829936249998354
10,3.619993376999446
11,3.6459933269998146
12,3.843992961999902
13,3.8659929229997942
14,3.9829927069995392
15,4.010992656999406
16,4.104992486999436
17,4.151992400999916
18,4.227992260999599
19,4.4959917719997975
20,4.607991566999772
21,4.726991351999459
22,5.025990797999839
0,2.1709960190000857
1,2.2449958870001865
2,2.956994575999488
3,3.0049944909997066
4,3.0409944259999975
5,3.2689940190002744
6,3.333993897000255
7,3.402993773000162
8,3.4569936699999744
9,3.5369935270000497
10,3.6429933330000495
11,3.6669932889999473
12,3.8369929769996816
13,3.864992926999548
14,3.965992739000285
15,3.9819927099997585
16,4.078992534999998
17,4.125992448999568
18,4.196992318999946
19,4.462991831999716
20,4.591991596999833
21,4.681991430999915
22,4.974990892000278
23,5.181990516999576
0,0.13299888199998122
1,0.17999849000000268
2,0.7669935900000269
3,0.8039932770000178
4,0.8689927340000168
5,1.0729910270000005
6,1.1359905009999807
7,1.262989441000002
8,1.268989390999991
9,1.3909883730000274
10,1.5589869689999887
11,1.5839867590000267
0,0.18299847100001898
1,0.2559978609999689
2,0.8649927709999474
3,0.9139923559999943
4,0.9579919889999928
5,1.136990495999953
6,1.2099898860000167
7,1.2739893450000181
8,1.277989310999942
9,1.3879883930000005
10,1.5399871250000388
11,1.6289863819999937
12,1.7689852139999402
13,1.83698463799999
14,1.9179839629999833
15,1.948983703999943
16,2.0439829109999437
0,0.1119990649999636
1,0.14499879000004512
2,0.6979941749999625
3,0.819993156999999
4,0.8339930399999957
5,1.061991138000053
6,1.141990469999996
7,1.2659894350000513
8,1.2959891850000531
9,1.3739885339999773
10,1.4929875410000477
11,1.5169873410000037
12,1.6539861979999841
13,1.7109857220000322
14,1.8029849539999532
15,1.8229847869999958
16,1.9129840360000117
0,0.1119990610000059
1,0.14899875200001134
2,0.688994239000067
3,0.7399938130000692
4,0.760993638000059
5,1.002991611000084
6,1.0629911100000982
7,1.1209906260000935
8,1.1219906170000513
9,1.1999899670000787
10,1.3079890650000152
11,1.3369888230000697
12,1.5069874020000498
13,1.5309872020000057
14,1.610986533000073
15,1.6249864160000698
16,1.7229855970000472
17,1.7659852369999953
18,1.8439845850000438
19,2.1139823220000835
0,0.1409988190000604
1,0.17299855200008096
2,0.7149940239999069
3,0.7519937140000366
4,0.7779934969998976
5,0.9599919699999191
6,1.0109915450000244
7,1.0889908940000623
8,1.0949908439999945
9,1.2129898590001176
10,1.3839884320000237
11,1.4179881479999494
12,1.6189864650000345
13,1.647986223000089
14,1.7279855560000215
15,1.7409854469999573
16,1.8339846700000635
0,0.10999908000007963
1,0.21999816000015926
2,0.7629936100001942
3,0.8289930590001404
4,0.8429929420001372
5,1.024991423000074
6,1.0749910060001184
7,1.133990514000061
8,1.133990514000061
9,1.214989838000065
10,1.322988936999991
11,1.3599886280001101
12,1.5279872260000502
13,1.5499870420001116
14,1.6289863819999937
15,1.652986182000177
16,1.8309846880001714
17,1.8749843210000563
0,0.14999874699992688
1,0.2019983109998975
2,0.7429937879999216
3,0.7799934800000301
4,0.7939933620000375
5,0.9729918630000611
6,1.020991462999973
7,1.081990954000048
8,1.0869909119999193
9,1.206989910999937
10,1.313989015000061
11,1.338988807000078
12,1.5099873780000053
13,1.5309872020000057
14,1.6119865250000203
15,1.629986375000044
16,1.7229855969999335
17,1.774985162999883
18,1.8439845860000332
19,2.1099823619999825
0,0.11399904700010666
1,0.18299847100001898
2,0.7349938560000737
3,0.7749935209999421
4,0.7919933790001323
5,0.9759918380000272
6,1.0149915130000409
7,1.0729910289999225
8,1.075991004000116
9,1.1539903529999265
10,1.2589894760001243
11,1.285989250000057
12,1.5139873390000957
13,1.5359871560001466
14,1.695985821000022
15,1.7649852449999344
16,1.8729843440000877
17,1.9299838639999507
18,2.063982745999965
0,0.11399904500012781
1,0.15099873600001956
2,0.688994239000067
3,0.7269939220000197
4,0.7389938220001113
5,0.9379921590000322
6,0.9919917070001247
7,1.0519912060001388
8,1.0759910050001054
9,1.1539903530001538
10,1.2779893160000029
11,1.3139890160000505
12,1.4849875859999884
13,1.553987010000128
14,1.6479862170001525
15,1.7249855740001294
16,1.8239847480001572
17,1.9269838889999846
18,1.9999832800001514
